[vision] 15.0 fps | NPU 28513 us (max 28515) | persons 0 (tallest h 0%) | clear | misses 0 isp_err 0
[gate] n=0 ok=[gate] n=0 ok=0 veto=0 bad=0 replay=0 maxlat=0us | servo=423 v=0 mm/s STOPPED | vis st=4 fr=4286 camerr=0 tsk=2/0 | rx ovr=0 | /s loops 48 csi 60 dcmipp 75 u2 0
[vision] 15.0 fps | NPU 28515 us (max 28515) | persons 0 (tallest h 0%) | clear | misses 0 isp_err 0
[imu] roll 0 pitch 0 deg, yaw 0 dps, a_h 7 mg | 100 Hz period n=500 avg 9999 us, jitter min -23583 ns max 23750 ns | step max 323 us | i2c err 0
[gate] n=0 ok=0 veto=0 bad=0 replay=0 maxlat=0us | servo=423 v=0 mm/s STOPPED | vis st=3 fr=4302 camerr=0 tsk=4/2 | rx ovr=0 | /s loops 48 csi 61 dcmipp 77 u2 0
[vision] 15.0 fps | NPU 28515 us (max 28515) | persons 0 (tallest h 0%) | clear | misses 0 isp_err 0
[gate] n=0 ok=0 veto=0 bad=0 replay=0 maxlat=0us | servo=423 v=0 mm/s STOPPED | vis st=3 fr=4317 camerr=0 tsk=4/2 | rx ovr=0 | /s loops 48 csi 61 dcmipp 76 u2 0
[vision] 15.0 fps | NPU 28514 us (max 28515) | persons 0 (tallest h 0%) | clear | misses 0 isp_err 0
[gate] n=0 ok=0 veto=0 bad=0 replay=0 maxlat=0us | servo=423 v=0 mm/s STOPPED | vis st=3 fr=4332 camerr=0 tsk=4/2 | rx ovr=0 | /s loops 48 csi 60 dcmipp 75 u2 0
[vision] 15.0 fps | NPU 28514 us (max 28515) | persons 0 (tallest h 0%) | clear | misses 0 isp_err 0
[gate] n=0 ok=0àveto=0 bad=0 replay=0 maxlat=0us | servo=423 v=0 mm/s STOPPED | vis st=3 fr=4347 camerr=0 tsk=4/2 | rx ovr=0 | /s loops 48 csi 60 dcmipp 75 u2 0
[vision] 15.0 fps | NPU 28514 us (max 28515) | persons 0 (tallest h 0%) | clear | misses 0 isp_err 0
[perf] cpu idle 49.0% main 0.0% log 0.0% gate 0.0% imu 3.2% vision 47.7% | switches 896/s
[perf] gate CMD verdict+actuation n=0 avg 0 us max 0 us | USART2 irq->gate task n=0 avg 0 ns max 0 ns | hazard->brake (since boot) n=19 max 30 us
[gate] n=0 ok=0 veto=0 bad=0 replay=0 maxlat=0us | servo=423 v=0 mm/s STOPPED | vis st=4 fr=4362 camerr=0 tsk=2/0 | rx ovr=0 | /s loops 48 csi 62 dcmipp 77 u2 0
[vision] 15.0 fps | NPU 28515 us (max 28517) | persons 0 (tallest h 0%) | clear | misses 0 isp_err 0
[imu] roll 0 pitch 0 deg, yaw 0 dps, a_h 2 mg | 100 Hz period n=500 avg 10000 us, jitter min -23770 ns max 23951 ns | step max 324 us | i2c err 0
[gate] n=0 ok=0 veto=0 bad=0 replay=0 maxlat=0us | servo=423 v=0 mm/s STOPPED | vis st=4 fr=4377 camerr=0 tsk=2/0 | rx ovr=0 | /s loops 48 csi 60 dcmipp 75 u2 0
[vision] 15.0 fps | NPU 28514 us (max 28515) | persons 0 (tallest h 0%) | clear | misses 0 isp_err 0
[gate] n=0 ok=0 veto=0 bad=0 replay=0 maxlat=0us | servo=423 v=0 mm/s STOPPED | vis st=4 fr=4392 camerr=0 tsk=2/0 | rx ovr=0 | /s loops 48 csi 60 dcmipp 75 u2 0
[vision] 15.0 fps | NPU 28510 us (max 28516) | persons 0 (tallest h 0%) | clear | misses 0 isp_err 0
[gate] n=0 ok=0 veto=0 bad=0 replay=0 maxlat=0us | servo=423 v=0 mm/s STOPPED | vis st=7 fr=4408 camerr=0 tsk=2/0 | rx ovr=0 | /s loops 48 csi 60 dcmipp 75 u2 0
[vision] 15.0 fps | NPU 28515 us (max 28516) | persons 0 (tallest h 0%) | clear | misses 0 isp_err 0
[gate] n=0 ok=0 veto=0 bad=0 replay=0 maxlat=0us | servo=423 v=0 mm/s STOPPED | vis st=3 fr=4423 camerr=0 tsk=4/2 | rx ovr=0 | /s loops 48 csi 62 dcmipp 78 u2 0
[vision] 15.0 fps | NPU 28513 us (max 28516) | persons 0 (tallest h 0%) | clear | misses 0 isp_err 0
[perf] cpu idle 49.2% main 0.0% log 0.0% gate 0.0% imu 3.2% vision 47.4% | switches 895/s
[perf] gate CMD verdict+actuation n=0 avg 0 us max 0 us | USART2 irq->gate task n=0 avg 0 ns max 0 ns | hazard->brake (since boot) n=19 max 30 us
[gate] n=0 ok=0 veto=0 bad=0 replay=0 maxlat=0us | servo=423 v=0 mm/s STOPPED | vis st=3 fr=4438 camerr=0 tsk=4/2 | rx ovr=0 | /s loops 48 csi 60 dcmipp 75 u2 0
[vision] 15.0 fps | NPU 28513 us (max 28515) | persons 0 (tallest h 0%) | clear | misses 0 isp_err 0
[imu] roll 0 pitch 0 deg, yaw 0 dps, a_h 3 mg | 100 Hz period n=500 avg 10000 us, jitter min -24779 ns max 24403 ns | step max 324 us | i2c err 0
[gate] n=0 ok=0àveto=0 bad=0 replay=0 maxlat=0us | servo=423 v=0 mm/s STOPPED | vis st=3 fr=4453 camerr=0 tsk=4/2 | rx ovr=0 | /s loops 48 csi 60 dcmipp 75 u2 0
[vision] 15.0 fps | NPU 28515 us (max 28515) | persons 0 (tallest h 0%) | clear | misses 0 isp_err 0
[gate] n=0 ok=0àveto=0 bad=0 replay=0 maxlat=0us | servo=423 v=0 mm/s STOPPED | vis st=3 fr=4468 camerr=0 tsk=4/2 | rx ovr=0 | /s loops 48 csi 60 dcmipp 75 u2 0
[vision] 15.0 fps | NPU 28515 us (max 28515) | persons 0 (tallest h 0%) | clear | misses 0 isp_err 0
[gate] n=0 ok=0 veto=0 bad=0 replay=0 maxlat=0us | servo=423 v=0 mm/s STOPPED | vis st=4 fr=4483 camerr=0 tsk=2/0 | rx ovr=0 | /s loops 48 csi 62 dcmipp 77 u2 0
[vision] 15.0 fps | NPU 28508 us (max 28515) | persons 0 (tallest h 0%) | clear | misses 0 isp_err 0
[gate] n=16 ok=16 veto=0 bad=0 replay=0 maxlat=1212us | servo=423 v=0 mm/s DRIVING | vis st=4 fr=4498 camerr=0 tsk=2/0 | rx ovr=0 | /s loops 294 csi 60 dcmipp 75 u2 288
[perf] cpu idle 49.2% main 0.0% log 0.0% gate 0.0% imu 3.2% vision 47.4% | switches 1183/s
[perf] gate CMD verdict+actuation n=47 avg 5 us max 9 us | USART2 irq->gate task n=750 avg 487 ns max 1411 ns | hazard->brake (since boot) n=19 max 30 us
[vision] 15.0 fps | NPU 28519 us (max 28519) | persons 0 (tallest h 0%) | clear | misses 0 isp_err 0
[gate] n=71 ok=71 veto=0 bad=0 replay=0 maxlat=31115us | servo=423 v=0 mm/s DRIVING | vis st=3 fr=4514 camerr=0 tsk=4/2 | rx ovr=0 | /s loops 886 csi 61 dcmipp 77 u2 984
[vision] 15.0 fps | NPU 28512 us (max 28520) | persons 0 (tallest h 0%) | clear | misses 0 isp_err 0
[imu] roll 0 pitch 0 deg, yaw 0 dps, a_h 3 mg | 100 Hz period n=500 avg 9999 us, jitter min -6123 ns max 6195 ns | step max 323 us | i2c err 0
[gate] n=128 ok=128 veto=0 bad=0 replay=0 maxlat=31198us | servo=423 v=0 mm/s DRIVING | vis st=3 fr=4529 camerr=0 tsk=4/2 | rx ovr=0 | /s loops 919 csi 61 dcmipp 76 u2 1023
[vision] 15.0 fps | NPU 28515 us (max 28525) | persons 0 (tallest h 0%) | clear | misses 0 isp_err 0
[gate] n=185 ok=185 veto=0 bad=0 replay=0 maxlat=31229us | servo=423 v=0 mm/s DRIVING | vis st=3 fr=4544 camerr=0 tsk=4/2 | rx ovr=0 | /s loops 1003 csi 60 dcmipp 75 u2 1115
[vision] 15.0 fps | NPU 28515 us (max 28522) | persons 1 (tallest h 19%) | clear | misses 0 isp_err 0
[gate] n=241 oký241 veto=0 bad=0 replay=0 maxlat=31229us | servo=423 v=0 mm/s DRIVING | vis st=3 fr=4559 camerr=0 tsk=4/2 | rx ovr=0 | /s loops 937 csi 60 dcmipp 75 u2 1042
[vision] 15.0 fps | NPU 28517 us (max 28522) | persons 0 (tallest h 0%) | clear | misses 0 isp_err 0
[gate] n=297 ok297 veto=0 bad=0 replay=0 maxlat=31229us | servo=423 v=0 mm/s DRIVING | vis st=3 fr=4574 camerr=0 tsk=4/2 | rx ovr=0 | /s loops 894 csi 60 dcmipp 75 u2 994
[perf] cpu idle 49.1% maiþ‚r log 0.0% gate 0.1% imu 3.2% vision 47.4% | switches 2661/s
[perf] gate CMD verdict+actuation n=280 avg 5 us max 9 us | USART2 irq->gate task n=4586 avg 493 ns max 3618 ns | hazard->brake (since boot) n=19 max 30 us
[vision] 15.0 fps | NPU 28514 us (max 28520) | persons 0 (tallest h 0%) | clear | misses 0 isp_err 0
[gate] n=353 ok=353 veto=0 bad=0 replay=0 maxlat=31229us | servo=423 v=0 mm/s DRIVING | vis st=3 fr=4589 camerr=0 tsk=4/2 | rx ovr=0 | /s loops 910 csi 60 dcmipp 75 u2 1012
[imu] roll 0 pitch 0 deg, yaw 0 dps, a_h 5 mg | 100 Hz period n=500 avg 10000 us, jitter min -1567 ns max 1585 ns | step max 327 us | i2c err 0
[vision] 15.0 fps | NPU 28514 us (max 28523) | persons 0 (tallest h 0%) | clear | misses 0 isp_err 0
[gate] n=409 ok=409 veto=0 bad=0 replay=0 maxlat=31229us | servo=423 v=0 mm/s DRIVING | vis st=3 fr=4604 camerr=0 tsk=4/2 | rx ovr=0 | /s loops 905 csi 61 dcmipp 75 u2 1006
[gate] n=465 ok=465 veto=0 bad=0 replay=0 maxlat=31229us | servo=423 v=0 mm/s DRIVING | vis st=4 fr=4619 camerr=0 tsk=2/0 | rx ovr=0 | /s loops 895 csi 61 dcmipp 76 u2 995
[vision] 15.0 fps | NPU 28542 us (max 28542) | persons 0 (tallest h 0%) | clear | misses 0 isp_err 0
[gate] n=521 ok=521 veto=0 bad=0 replay=0 maxlat=31229us | servo=423 v=0 mm/s DRIVING | vis st=5 fr=4634 camerr=0 tsk=2/0 | rx ovr=0 | /s loops 952 csi 60 dcmipp 75 u2 1057
[vision] 15.0 fps | NPU 28517 us (max 28524) | persons 0 (tallest h 0%) | clear | misses 0 isp_err 0
[gate] n=576 ok=576 veto=0 bad=0 replay=0 maxlat=31229us | servo=423 v=0 mm/s DRIVING | vis st=7 fr=4650 camerr=0 tsk=2/0 | rx ovr=0 | /s loops 924 csi 60 dcmipp 75 u2 1027
[vision] 15.0 fps | NPU 28514 us (max 28519) | persons 0 (tallest h 0%) | clear | misses 0 isp_err 0
[perf] cpu idle 48.9% main 0.0% log 0.0% gate 0.1% imu 3.2% vision 47.6% | switches 2641/s
[perf] gate CMD verdict+actuation n=278 avg 5 us max 8 us | USART2 irq->gate task n=4518 avg 491 ns max 2560 ns | hazard->brake (since boot) n=19 max 30 us
[gate] n=631 ok=631 veto=0 bad=0 replay=0 maxlat=31229us | servo=423 v=0 mm/s DRIVING | vis st=3 fr=4665 camerr=0 tsk=4/2 | rx ovr=0 | /s loops 887 csi 62 dcmipp 78 u2 984
[vision] 15.0 fps | NPU 28515 us (max 28521) | persons 0 (tallest h 0%) | clear | misses 0 isp_err 0
[imu] roll 0 pitch 0 deg, yaw 0 dps, a_h 5 mg | 100 Hz period n=500 avg 9999 us, jitter min -5119 ns max 4821 ns | step max 325 us | i2c err 0
[gate] n=686 ok=686 veto=0 bad=0 replay=0 maxlat=31229us | servo=423 v=0 mm/s DRIVING | vis st=3 fr=4680 camerr=0 tsk=4/2 | rx ovr=0 | /s loops 897 csi 60 dcmipp 75 u2 996
[vision] 15.0 fps | NPU 28514 us (max 28523) | persons 0 (tallest h 0%) | clear | misses 0 isp_err 0
[gate] n=743 ok=743 veto=0 bad=0 replay=0 maxlat=31229us | servo=423 v=0 mm/s DRIVING | vis st=3 fr=4695 camerr=0 tsk=4/2 | rx ovr=0 | /s loops 906 csi 60 dcmipp 75 u2 1008
[vision] 15.0 fps | NPU 28518 us (max 28518) | persons 0 (tallest h 0%) | clear | misses 0 isp_err 0
[gate] n=798 ok=798 veto=0 bad=0 replay=0 maxlat=31229us | servo=423 v=0 mm/s DRIVING | vis st=3 fr=4710 camerr=0 tsk=4/2 | rx ovr=0 | /s loops 903 csi 60 dcmipp 75 u2 1003
[vision] 15.0 fps | NPU 28513 us (max 28523) | persons 0 (tallest h 0%) | clear | misses 0 isp_err 0
[gate] nÂª¢k=854 veto=0 bad=0 replay=0 maxlat=31229us | servo=423 v=0 mm/s DRIVING | vis st=3 fr=4725 camerr=0 tsk=4/2 | rx ovr=0 | /s loops 882 csi 60 dcmipp 75 u2 981
[vision] 15.0 fps | NPU 28515 us (max 28518) | persons 0 (tallest h 0%) | clear | misses 0 isp_err 0
[perf] cpu idle 48.9% main 0.0% log 0.0% gate 0.1% imu 3.2% vision 47.6% | switches 2592/s
[perf] gate CMD verdict+actuation n=276 avg 5 us max 8 us | USART2 irq->gate task n=4374 avg 487 ns max 1297rÍ| hazard->brake (since boot) n=19 max 30 us
[gate] n=910 oký910 veto=0 bad=0 replay=0 maxlat=31229us | servo=423 v=0 mm/s DRIVING | vis st=3 fr=4740 camerr=0 tsk=4/2 | rx ovr=0 | /s loops 902 csi 60 dcmipp 75 u2 1004
[vision] 15.0 fps | NPU 28764 us (max 28764) | persons 0 (tallest h 0%) | clear | misses 0 isp_err 0
[imu] roll 0 pitch 0 deg, yaw 0 dps, a_h 2 mg | 100 Hz period n=500 avg 9999 us, jitter min -959 ns max 1005 ns | step max 325 us | i2c err 0
[gate] n=966 ok=966 veto=0 bad=0 replay=0 maxlat=31229us | servo=423 v=0 mm/s DRIVING | vis st=4 fr=4755 camerr=0 tsk=2/0 | rx ovr=0 | /s loops 879 csi 61 dcmipp 76 u2 980
[vision] 15.0 fps | NPU 28517 us (max 28525) | persons 0 (tallest h 0%) | clear | misses 0 isp_err 0
[gate] n=1021 ok=1012 veto=9 bad=0 replay=0 maxlat=31540us | servo=423 v=500 mm/s DRIVING | vis st=4 fr=4770 camerr=0 tsk=2/0 | rx ovr=0 | /s loops 1017 csi 60 dcmipp 75 u2 1127
[gate] SLOW: person ~181 cm ahead (box h 22%) -> speed cap 327 mm/s
[gate] SLOW released: no person ahead
[vision] 15.0 fps | NPU 28517 us (max 28521) | persons 0 (tallest h 0%) | clear | misses 0 isp_err 0
[gate] n=1077 ok=1055 veto=22 bad=0 replay=0 maxlat=31540us | servo=423 v=500 mm/s DRIVING | vis st=4 fr=4785 camerr=0 tsk=2/0 | rx ovr=0 | /s loops 890 csi 61 dcmipp 76 u2 993
[vision] 15.0 fps | NPU 28514 us (max 28521) | persons 0 (tallest h 0%) | clear | misses 0 isp_err 0
[gate] n=1132 ok=1110 veto=22 bad=0 replay=0 maxlat=31540us | servo=423 v=500 mm/s DRIVING | vis st=7 fr=4801 camerr=0 tsk=2/0 | rx ovr=0 | /s loops 874 csi 60 dcmipp 75 u2 971
[gate] SLOW: person ~205 cm ahead (box h 19%) -> speed cap 478 mm/s
[gate] SLOW released: no person ahead
[gate] SLOW: person ~181 cm ahead (box h 22%) -> speed cap 327 mm/s
[gate] SLOW released: no person ahead
[vision] 15.0 fps | NPU 28516 us (max 28520) | persons 0 (tallest h 0%) | clear | misses 0 isp_err 0
[perf] cpu idle 49.1% main 0.0% log 0.0% gate 0.1% imu 3.2% vision 47.4% | switches 2645/s
[perf] gate CMD verdict+actuation n=279 avg 5 us max 14 us | USART2 irq->gate task n=4533 avg 493 ns max 1806 ns | hazard->brake (since boot) n=19 max 30 us
[gate] SLOW: person ~181 cm ahead (box h 22%) -> speed cap 327 mm/s
[gate] SLOW released: no person ahead
[gate] SLOW: person ~181 cm ahead (box h 22%) -> speed cap 327 mm/s
[gate] n=1189 ok=1141 veto=48 bad=0 replay=0 maxlat=31540us | servo=423 v=327 mm/s DRIVING | vis st=3 fr=4816 camerr=0 tsk=4/2 | rx ovr=0 | /s loops 914 csi 61 dcmipp 77 u2 1017
[gate] SLOW released: no person ahead
[vision] 15.0 fps | NPU 28515 us (max 28520) | persons 0 (tallest h 0%) | clear | misses 0 isp_err 0
[imu] roll 0 pitch 1 deg, yaw 0 dps, a_h 48 mg | 100 Hz period n=500 avg 9999 us, jitter min -21844 ns max 21777 ns | step max 329 us | i2c err 0
[gate] SLOW: person ~181 cm ahead (box h 22%) -> speed cap 327 mm/s
[gate] n=1245 ok=1191 veto=54 bad=0 replay=0 maxlat=31540us | servo=423 v=327 mm/s DRIVING | vis st=3 fr=4831 camerr=0 tsk=4/2 | rx ovr=0 | /s loops 87÷ csi 61 dcmipp 76 u2 978
[gate] SLOW released: no person ahead
[gate] STOP #20: PERSON AHEAD (conf 77%, h 25%) | frame->detect 29854 us | detect->gate 29 us | brake frame queued in 1077 ns (+2.6 ms on the 38400 wire)
[vision] 15.0 fps | NPU 28515 us (max 28525) | persons 1 (tallest h 22%) | HAZARD | misses 0 isp_err 0
[gate] n=1300 ok=1193 veto=107 bad=0 replay=0 maxlat=31540us | servo=423 v=0 mm/s STOPPED | vis st=3 fr=4846 camerr=0 tsk=4/2 | rx ovr=0 | /s loops 882 csi 60 dcmipp 75 u2 979
[vision] 15.0 fps | NPU 28516 us (max 28765) | persons 1 (tallest h 22%) | HAZARD | misses 0 isp_err 0
[gate] n=1358 ok=1193 veto=165 bad=0 replay=0 maxlat=31540us | servo=423 v=0 mm/s STOPPED | vis st=3 fr=4861 camerr=0 tsk=4/2 | rx ovr=0 | /s loops 917 csi 60 dcmipp 75 u2 1023
[vision] 15.0 fps | NPU 28516 us (max 28765) | persons 1 (tallest h 54%) | HAZARD | misses 0 isp_err 0
[gate] n=1413 ok=1193 veto=220 bad=0 replay=0 maxlat=31540us | servo=423 v=0 mm/s STOPPED | vis st=3 fr=4876 camerr=0 tsk=4/2 | rx ovr=0 | /s loops 883 csi 60 dcmipp 75 u2 979
[perf] cpu idle 48.0% main 0.0% log 0.0% gate 0.1% imu 3.2% vision 48.5% | switches 2561/s
[perf] gate CMD verdict+actuation n=279 avg 4 us max 14 us | USART2 irq->gate task n=4383 avg 490 ns max 1753 ns | hazard->brake (since boot) n=20 max 30 us
[vision] 15.0 fps | NPU 28520 us (max 28765) | persons 1 (tallest h 51%) | HAZARD | misses 0 isp_err 0
[gate] n=1469 ok=1193 veto=276 bad=0 replay=0 maxlat=31540us | servo=423 v=0 mm/s STOPPED | vis st=3 fr=4891 camerr=0 tsk=4/2 | rx ovr=0 | /s loops 962 csi 60 dcmipp 75 u2 1071
[vision] 15.0 fps | NPU 28514 us (max 28766) | persons 1 (tallest h 90%) | HAZARD | misses 0 isp_err 0
[imu] roll 0 piôÿh 0 deg, yaw 0 dps, a_h 5 mg | 100 Hz period n=500 avg 10000 us, jitter min -3380 ns max 4048 ns | step max 337 us | i2c err 0
[gate] n=1523 ok=1193 veto=330 bad=0 replay=0 maxlat=31540us | servo=423 v=0 mm/s STOPPED | vis st=3 fr=4906 camerr=0 tsk=4/2 | rx ovr=0 | /s loops 926 csi 60 dcmipp 75 u2 1026
[vision] 15.0 fps | NPU 28516 us (max 28766) | persons 1 (tallest h 91%) | HAZARD | misses 0 isp_err 0
[gate] n=1579 ok=1193 veto=386 bad=0 replay=0 maxlat=31540us | servo=423 v=0 mm/s STOPPED | vis st=4 fr=4921 camerr=0 tsk=2/0 | rx ovr=0 | /s loops 871 csi 62 dcmipp 77 u2 971
[vision] 15.0 fps | NPU 28518 us (max 28764) | persons 1 (tallest h 22%) | HAZARD | misses 0 isp_err 0
[gate] n=1634 ok=1193 veto=441 bad=0 replay=0 maxlat=31540us | servo=423 v=0 mm/s STOPPED | vis st=3 fr=4937 camerr=0 tsk=4/2 | rx ovr=0 | /s loops 888 csi 61 dcmipp 77 u2 987
[gate] hazard clear -> accepting Jetson commands again
[gate] SLOW:‚•Éson ~181 cm ahead (box h 22%) -> speed cap 327 mm/s
[vision] 15.0 fps | NPU 28511 us (max 28765) | persons 1 (tallest h 22%) | clear | misses 0 isp_err 0
[gate] n=1690 ok=1193 veto=497 bad=0 replay=0 maxlat=31540us | servo=423 v=327 mm/s DRIVING | vis st=3 fr=4952 camerr=0 tsk=4/2 | rx ovr=0 | /s loops 888 csi 61 dcmipp 76 u2 990
[gate] SLOW released: no person ahead
[perf] cpu i47.4% main 0.0% log 0.0% gate 0.1% imu 3.2% vision 49.1% | switches 2569/s
[perf] gate CMD verdict+actuation n=275 avg 4 us max 11 us | USART2 irq->gate task n=4466 avg 500 ns max 3942 ns | hazard->brake (since boot) n=20 max 30 us
[gate] SLOW: person ~181 cm ahead (box h 22%) -> speed cap 327 mm/s
[vision] 15.0 fps | NPU 28517 us (max 28765) | persons 1 (tallest h 22%) | clear | misses 0 isp_err 0
[gate] n=174z­1199 veto=547 bad=0 replay=0 maxlat=31540us | servo=423 v=327 mm/s DRIVING | vis st=3 fr=4967 camerr=0 tsk=4/2 | rx ovr=0 | /s loops 884 csi 60 dcmipp 75 u2 983
[imu] roll 0 pitch 0 deg, yaw 0 dps, a_h 17 mg | 100 Hz period n=500 avg 10000 us, jitter min -3754 ns max 3655 ns | step max 347 us | i2c err 0
[vision] 15.0 fps | NPU 28524 us (max 28764) | persons 1 (tallest h 22%) | clear | misses 0 isp_err 0
[gate] n=180z­1199 veto=603 bad=0 replay=0 maxlat=31540us | servo=423 v=327 mm/s DRIVING | vis st=3 fr=4982 camerr=0 tsk=4/2 | rx ovr=0 | /s loops 925 csi 60 dcmipp 75 u2 1029
[gate] SLOW released: no person ahead
[gate] SLOW: person ~181 cm ahead (box h 22%) -> speed cap 327 mm/s
[gate] STOP #21: PERSON AHEAD (conf 88%, h 25%) | frame->detect 30696 us | detect->gate 29 us | brake frame queued in 1237 ns (+2.6 ms on the 38400 wire)
[vision] 15.0 fps | NPU 28515 us (max 28764) | persons 1 (tallest h 22%) | HAZARD | misses 0 isp_err 0
[gate] nŠÂªþok=1201 veto=656 bad=0 replay=0 maxlat=31540us | servo=423 v=0 mm/s STOPPED | vis st=3 fr=4997 camerr=0 tsk=4/2 | rx ovr=0 | /s loops 981 csi 60 dcmipp 75 u2 1087
[vision] 15.0 fps | NPU 28516 us (max 28765) | persons 1 (tallest h 70%) | HAZARD | misses 0 isp_err 0
[gate] n=1913 ok=1201 veto=712 bad=0 replay=0 maxlat=31540us | servo=423 v=0 mm/s STOPPED | vis st=4 fr=5012 camerr=0 tsk=2/0 | rx ovr=0 | /s loops 870 csi 62 dcmipp 77 u2 971
[gate] n=1968 ok=1201 veto=767 bad=0 replay=0 maxlat=31540us | servo=423 v=0 mm/s STOPPED | vis st=5 fr=5027 camerr=0 tsk=2/0 | rx ovr=0 | /s loops 862 csi 60 dcmipp 75 u2 960
[vision] 15.0 fps | NPU 28516 us (max 28764) | persons 1 (tallest h 70%) | HAZARD | misses 0 isp_err 0
[perf] cpu idle 47.4% main 0.0% log 0.0% gate 0.1% imu 3.2% vision 49.1% | switches 2569/s
[perf] gate CMD verdict+actuation n=275 avg 5 us max 14 us | USART2 irq->gate task n=4443 avg 498 ns max 1452 ns | hazard->brake (since boot) n=21 max 30 us
[gate] n=2023 ok=1201 veto=822 bad=0 replay=0 maxlat=31540us | servo=423 v=0 mm/s STOPPED | vis st=3 fr=5043 camerr=0 tsk=4/2 | rx ovr=0 | /s loops 889 csi 62 dcmipp 78 u2 989
[vision] 15.0 fps | NPU 28516 us (max 28765) | persons 1 (tallest h 70%) | HAZARD | misses 0 isp_err 0
[imu] roll 0 pitch 0 deg, yaw 0 dps, a_h 1 mg | 100 Hz period n=500 avg 10000 us, jitter min -4039 ns max 4111 ns | step max 347 us | i2c err 0
[gate] hazard clear -> accepting Jetson commands again
[gate] SLOW released: no person ahead
[gate] n=2078 ok=1207 veto=871 bad=0 replay=0 maxlat=31540us | servo=423 v=500 mm/s DRIVING | vis st=3 fr=5058 camerr=0 tsk=4/2 | rx ovr=0 | /s loops 879 csi 60 dcmipp 75 u2 979
[vision] 15.0 fps | NPU 28516 us (max 28765) | persons 1 (tallest h 49%) | clear | misses 0 isp_err 0
[gate] STOP #22: PERSON AHEAD (conf 99%, h 51%) | frame->detect 30628 us | detect->gate 30 us | brake frame queued in 1330 ns (+2.6 ms on the 38400 wire)
[gate] n=2134 ok=1226 veto=908 bad=0 replay=0 maxlat=31540us | servo=423 v=0 mm/s STOPPED | vis st=3 fr=5073 camerr=0 tsk=4/2 | rx ovr=0 | /s loops 863 csi 60 dcmipp 75 u2 962
[vision] 15.0 fps | NPU 28515 us (max 28765) | persons 1 (tallest h 38%) | HAZARD | misses 0 isp_err 0
[gate] n=2189 ok=1226 veto=963 bad=0 replay=0 maxlat=31540us | servo=423 v=0 mm/s STOPPED | vis st=3 fr=5088 camerr=0 tsk=4/2 | rx ovr=0 | /s loops 879 csi 60 dcmipp 75 u2 977
[vision] 15.0 fps | NPU 28516 us (max 28764) | persons 1 (tallest h 29%) | HAZARD | misses 0 isp_err 0
[gate] n=2244 ok=1226 veto=1018 bad=0 replay=0 maxlat=31540us | servo=423 v=0 mm/s STOPPED | vis st=3 fr=5103 camerr=0 tsk=4/2 | rx ovr=0 | /s loops 905 csi 60 dcmipp 75 u2 1007
[vision] 15.0 fps | NPU 28522 us (max 28765) | persons 1 (tallest h 25%) | HAZARD | misses 0 isp_err 0
[perf] cpu idle 47.2% main 0.0% log 0.0% gate 0.1% imu 3.2% vision 49.3% | switches 2538/s
[perf] gate CMD verdict+actuation n=276 avg 4 us max 10 us | USART2 irq->gate task n=4382 avg 495 ns max 4040 ns | hazard->brake (since boot) n=22 max 30 us
[gate] n=2300 ok=1226 veto=1074 bad=0 replay=0 maxlat=31540us | servo=423 v=0 mm/s STOPPED | vis st=3 fr=5118 camerr=0 tsk=4/2 | rx ovr=0 | /s loops 1012 csi 60 dcmipp 75 u2 1124
[vision] 15.0 fps | NPU 28515 us (max 28523) | persons 1 (tallest h 25%) | HAZARD | misses 0 isp_err 0
[gate] hazard clear -> accepting Jetson commands again
[imu] roll 0 pitch 0 deg, yaw 0 dps, a_h 131 mg | 100 Hz period n=500 avg 9999 us, jitter min -4172 ns max 4288 ns | step max 339 us | i2c err 0
[gate] n=2356 oë1250 veto=1106 bad=0 replay=0 maxlat=31540us | servo=423 v=500 mm/s DRIVING | vis st=3 fr=5133 camerr=0 tsk=4/2 | rx ovr=0 | /s loops 877 csi 60 dcmipp 75 u2 979
[vision] 15.0 fps | NPU 28516 us (max 28766) | persons 2 (tallest h 33%) | clear | misses 0 isp_err 0
[gate] STOP #23: PERSON AHEAD (conf 62%, h 25%) | frame->detect 29063 us | detect->gate 30 us | brake frame queued in 1330 ns (+2.6 ms on the 38400 wire)
[gate] n=2411 ok=1288 veto=1123 bad=0 replay=0 maxlat=31540us | servo=423 v=0 mm/s STOPPED | vis st=4 fr=5148 camerr=0 tsk=2/0 | rx ovr=0 | /s loops 871 csi 62 dcmipp 77 u2 969
[vision] 15.0 fps | NPU 28521 us (max 28765) | persons 1 (tallest h 25%) | HAZARD | misses 0 isp_err 0
[gate] n=2466 ok=1288 veto=1178 bad=0 replay=0 maxlat=31540us | servo=423 v=0 mm/s STOPPED | vis st=7 fr=5164 camerr=0 tsk=2/0 | rx ovr=0 | /s loops 865 csi 60 dcmipp 75 u2 965
[vision] 15.0 fps | NPU 28522 us (max 28522) | persons 1 (tallest h 33%) | HAZARD | misses 0 isp_err 0
[gate] n=2521 ok=1288 veto=1233 bad=0 replay=0 maxlat=31540us | servo=423 v=0 mm/s STOPPED | vis st=7 fr=5179 camerr=0 tsk=2/0 | rx ovr=0 | /s loops 866 csi 60 dcmipp 75 u2 966
[perf] cpu idle 47.5% main 0.0% log 0.0% gate 0.1% imu 3.2% vision 49.0% | switches 2534/s
[perf] gate CMD verdict+actuation n=275 avg 4 us max 9 us | USART2 irq->gate task n=4379 avg 497 ns max 2016rÍ| hazard->brake (since boot) n=23 max 30 us
[vision] 15.0 fps | NPU 28516 us (max 28765) | persons 1 (tallest h 25%) | HAZARD | misses 0 isp_err 0
[gate] n=2577 ok=1288 veto=1289 bad=0 replay=0 maxlat=31540us | servo=423 v=0 mm/s STOPPED | vis st=3 fr=5194 camerr=0 tsk=4/2 | rx ovr=0 | /s loops 880 csi 62 dcmipp 78 u2 978
[vision] 15.0 fps | NPU 28510 us (max 28764) | persons 1 (tallest h 25%) | HAZARD | misses 0 isp_err 0
[imu] roll 0 pitch 0 deg, yaw 0 dps, a_h 5 mg | 100 Hz period n=500 avg 9999 us, jitter min -1744 ns max 1727 ns | step max 324 us | i2c err 0
[gate] n=2633 ok=1288 veto=1345 bad=0 replay=0 maxlat=31540us | servo=423 v=0 mm/s STOPPED | vis st=3 fr=5209 camerr=0 tsk=4/2 | rx ovr=0 | /s loops 893 csi 60 dcmipp 75 u2 992
[vision] 15.0 fps | NPU 28516 us (max 28765) | persons 1 (tallest h 18%) | HAZARD | misses 0 isp_err 0
[gate] n=2688 ok=1288 veto=1400 bad=0 replay=0 maxlat=31540us | servo=423 v=0 mm/s STOPPED | vis st=3 fr=5224 camerr=0 tsk=4/2 | rx ovr=0 | /s loops 873 csi 60 dcmipp 75 u2 973
[vision] 15.0 fps | NPU 28524 us (max 28768) | persons 1 (tallest h 18%) | HAZARD | misses 0 isp_err 0
[gate] n=274z­1288 veto=1456 bad=0 replay=0 maxlat=31540us | servo=423 v=0 mm/s STOPPED | vis st=3 fr=5239 camerr=0 tsk=4/2 | rx ovr=0 | /s loops 1004 csi 60 dcmipp 75 u2 1116
[vision] 15.0 fps | NPU 28516 us (max 28765) | persons 1 (tallest h 10%) | HAZARD | misses 0 isp_err 0
[gate] hazard clear -> accepting Jetson commands again
[gate] n=2799 ok=1288 veto=1511 bad=0 replay=0 maxlat=31540us | servo=423 v=150 mm/s DRIVING | vis st=3 fr=5254 camerr=0 tsk=4/2 | rx ovr=0 | /s loops 915 csi 60 dcmipp 75 u2 1020
[gate] SLOW: person ~181 cm ahead (box h 22%) -> speed cap ÿ’ºÛ/s
[gate] STOP #24: PERSON AHEAD (conf 83%, h 25%) | frame->detect 30164 us | detect->gate 29 us | brake frame queued in 1175 ns (+2.6 ms on the 38400 wire)
[perf] cpu idle 47.4% main 0.0% log 0.0% gate 0.1% imu 3.2% vision 49.1% | switches 2573/s
[perf] gate CMD verdict+actuation n=276 avg 4 us max 11 us | USART2 irq->gate task n=4476 avg 500 ns max 1332 ns | hazard->brake (since boot) n=24 max 30 us
[vision] 15.0 fps | NPU 28515 us (max 28764) | persons 2 (tallest h 22%) | HAZARD | misses 0 isp_err 0
[gate] n=2855 ok=1289 veto=1566 bad=0 replay=0 maxlat=31540us | servo=423 v=0 mm/s STOPPED | vis st=4 fr=5269 camerr=0 tsk=2/0 | rx ovr=0 | /s loops 853 csi 62 dcmipp 77 u2 953
[imu] roll 0 pitch 0 deg, yaw 0 dps, a_h 1 mg | 100 Hz period n=500 avg 9999 us, jitter min -4253 ns max 4542 ns | step max 326 us | i2c err 0
[vision] 15.0 fps | NPU 28519 us (max 28765) | persons 3 (tallest h 22%) | HAZARD | misses 0 isp_err 0
[gate] n=2910 ok=1289 veto=1621 bad=0 replay=0 maxlat=31540us | servo=423 v=0 mm/s STOPPED | vis st=7 fr=5285 camerr=0 tsk=2/0 | rx ovr=0 | /s loops 864 csi 61 dcmipp 76 u2 964
[gate] hazar±•ÿar -> accepting Jetson commands again
[gate] SLOW released: no person ahead
[gate] SLOW: person ~181 cm ahead (box h 22%) -> speed cap 327 mm/s
[vision] 15.0 fps | NPU 28516 us (max 28765) | persons 1 (tallest h 22%) | clear | misses 0 isp_err 0
[gate] SLOW released: no person ahead
[gate] SLOW: person ~181 cm ahead (box h 22%) -> speed cap 327 mm/s
[gate] n=2966 ok=1293 veto=1673 bad=0 replay=0 maxlat=31540us | servo=423 v=327 mm/s DRIVING | vis st=3 fr=5300 camerr=0 tsk=4/2 | rx ovr=0 | /s loops 879 csi 61 dcmipp 77 u2 978
[gate] SLOW released: no person ahead
[gate] SLOW: person ~181 cm ahead (box h 22%) -> speed cap 327 mm/s
[vision] 15.0 fps | NPU 28764 us (max 28765) | persons 2 (tallest h 22%) | clear | misses 0 isp_err 0
[gate] n=3022 ok=1299 veto=1723 bad=0 replay=0 maxlat=31540us | servo=423 v=427 mm/s DRIVING | vis st=3 fr=5315 camerr=0 tsk=4/2 | rx ovr=0 | /s loops 943 csi 60 dcmipp 75 u2 1048
[vision] 15.0 fps | NPU 28515 us (max 28765) | persons 1 (tallest h 18%) | clear | misses 0 isp_err 0
[gate] nš‚ºþok=1343 veto=1735 bad=0 replay=0 maxlat=31540us | servo=423 v=500 mm/s DRIVING | vis st=3 fr=5330 camerr=0 tsk=4/2 | rx ovr=0 | /s loops 911 csi 60 dcmipp 75 u2 1016
[perf] cpu i47.8% main 0.0% log 0.0% gate 0.1% imu 3.2% vision 48.7% | switches 2586/s
[perf] gate CMD verdict+actuation n=276 avg 5 us max 14 us | USART2 irq->gate task n=4362 avg 496 ns max 1622 ns | hazard->brake (since boot) n=24 max 30 us
[vision] 14.9 fps | NPU 28763 us (max 28764) | persons 1 (tallest h 18%) | clear | misses 0 isp_err 0
[gate] n=3133 ok=1398 veto=1735 bad=0 replay=0 maxlat=31540us | servo=423 v=500 mm/s DRIVING | vis st=3 fr=5345 camerr=0 tsk=4/2 | rx ovr=0 | /s loops 855 csi 60 dcmipp 75 u2 955
[gate] STOP #25: PERSON AHEAD (conf 99%, h 25%) | frame->detect 29784 us | detect->gate 30 us | brake frame queued in 1177 ns (+2.6 ms on the 38400 wire)
[imu] roll 0 pitch 0 deg, yaw 0 dps, a_h 10 mg | 100 Hz period n=500 avg 10000 us, jitter min -1667 ns max 1801 ns | step max 338 us | i2c err 0
[vision] 15.0 fps | NPU 28513 us (max 28522) | persons 1 (tallest h 18%) | HAZARD | misses 0 isp_err 0
[gate] n=3189 ok=1407 veto=1782 bad=0 replay=0 maxlat=31540us | servo=423 v=0 mm/s STOPPED | vis st=4 fr=5360 camerr=0 tsk=2/0 | rx ovr=0 | /s loops 885 csi 62 dcmipp 77 u2 985
[gate] hazard clear -> accepting Jetson commands again
[vision] 15.0 fps | NPU 28765 us (max 28765) | persons 1 (tallest h 18%) | clear | misses 0 isp_err 0
[gate] n=3244 ok=1417 veto=1827 bad=0 replay=0 maxlat=31540us | servo=423 v=500 mm/s DRIVING | vis st=4 fr=5375 camerr=0 tsk=2/0 | rx ovr=0 | /s loops 857 csi 60 dcmipp 75 u2 957
[gate] STOP #26: PERSON AHEAD (conf 99%, h 25%) | frame->detect 29420 us | detect->gate 29 us | brake frame queued in 1127 ns (+2.6 ms on the 38400 wire)
[vision] 15.0 fps | NPU 28522 us (max 28543) | persons 1 (tallest h 25%) | HAZARD | misses 0 isp_err 0
[gate] n=3299 ok=1425 veto=1874 bad=0 replay=0 maxlat=31540us | servo=423 v=0 mm/s STOPPED | vis st=3 fr=5391 camerr=0 tsk=4/2 | rx ovr=0 | /s loops 868 csi 62 dcmipp 78 u2 968
[gate] n=3354 ok=1425 veto=1929 bad=0 replay=0 maxlat=31540us | servo=423 v=0 mm/s STOPPED | vis st=3 fr=5406 camerr=0 tsk=4/2 | rx ovr=0 | /s loops 874 csi 60 dcmipp 75 u2 971
[vision] 15.0 fps | NPU 28763 us (max 28764) | persons 1 (tallest h 29%) | HAZARD | misses 0 isp_err 0
[perf] cpu idle 47.6% main 0.0% log 0.0% gate 0.1% imu 3.2% vision 48.9% | switches 2504/s
[perf] gate CMD verdict+actuation n=276 avg 4 us max 9 us | USART2 irq->gate task n=4274 avg 490 ns max 1920 ns | hazard->brake (since boot) n=26 max 30 us
[gate] n=3410 ok=1425 veto=1985 bad=0 replay=0 maxlat=31540us | servo=423 v=0 mm/s STOPPED | vis st=3 fr=5421 camerr=0 tsk=2/0 | rx ovr=0 | /s loops 873 csi 60 dcmipp 75 u2 976
[vision] 15.0 fps | NPU 28765 us (max 28767) | persons 1 (tallest h 33%) | HAZARD | misses 0 isp_err 0
[imu] roll 0 pitch 0 deg, yaw 0 dps, a_h 10 mg | 100 Hz period n=500 avg 9999 us, jitter min -990 ns max 1037 ns | step max 399 us | i2c err 0
[gate] n=3465 ok=1425 veto=2040 bad=0 replay=0 maxlat=31540us | servo=423 v=0 mm/s STOPPED | vis st=3 fr=5436 camerr=0 tsk=2/0 | rx ovr=0 | /s loops 966 csi 60 dcmipp 75 u2 1076
[vision] 15.0 fps | NPU 28764 us (max 28767) | persons 1 (tallest h 33%) | HAZARD | misses 0 isp_err 0
[gate] n=3520 ok=1425 veto=2095 bad=0 replay=0 maxlat=31540us | servo=423 v=0 mm/s STOPPED | vis st=3 fr=5451 camerr=0 tsk=2/0 | rx ovr=0 | /s loops 1021 csi 60 dcmipp 75 u2 1131
[vision] 15.0 fps | NPU 28515 us (max 28767) | persons 1 (tallest h 33%) | HAZARD | misses 0 isp_err 0
[gate] n=3576 oë1425 veto=2151 bad=0 replay=0 maxlat=31540us | servo=423 v=0 mm/s STOPPED | vis st=3 fr=5466 camerr=0 tsk=4/2 | rx ovr=0 | /s loops 939 csi 60 dcmipp 75 u2 1047
[vision] 15.0 fps | NPU 28767 us (max 28767) | persons 1 (tallest h 45%) | HAZARD | misses 0 isp_err 0
[gate] n=3631 ok=1425 veto=2206 bad=0 replay=0 maxlat=31540us | servo=423 v=0 mm/s STOPPED | vis st=3 fr=5481 camerr=0 tsk=4/2 | rx ovr=0 | /s loops 861 csi 60 dcmipp 75 u2 960
[vision] 15.0 fps | NPU 28765 us (max 28766) | persons 1 (tallest h 33%) | HAZARD | misses 0 isp_err 0
[perf] cpu idle 47.1% main 0.0% log 0.0% gate 0.1% imu 3.2% vision 49.4% | switches 2607/s
[perf] gate CMD verdict+actuation n=275 avg 4 us max 5 us | USART2 irq->gate task n=4610 avg 502 ns max 3062 ns | hazard->brake (since boot) n=26 max 30 us
[gate] n=3687 ok=1425 veto=2262 bad=0 replay=0 maxlat=31540us | servo=423 v=0 mm/s STOPPED | vis st=4 fr=5496 camerr=0 tsk=2/0 | rx ovr=0 | /s loops 854 csi 62 dcmipp 77 u2 955
[vision] 15.0 fps | NPU 28765 us (max 28765) | persons 1 (tallest h 33%) | HAZARD | misses 0 isp_err 0
[imu] roll 0 pitch 0 deg, yaw 0 dps, a_h 10 mg | 100 Hz period n=500 avg 9999 us, jitter min -3572 ns max 3430 ns | step max 328 us | i2c err 0
[gate] n=3742 ok=1425 veto=2317 bad=0 replay=0 maxlat=31540us | servo=423 v=0 mm/s STOPPED | vis st=7 fr=5512 camerr=0 tsk=2/0 | rx ovr=0 | /s loops 857 csi 60 dcmipp 75 u2 955
[vision] 15.0 fps | NPU 28514 us (max 28522) | persons 1 (tallest h 25%) | HAZARD | misses 0 isp_err 0
[gate] n=3797 ok=1425 veto=2372 bad=0 replay=0 maxlat=31540us | servo=423 v=0 mm/s STOPPED | vis st=7 fr=5527 camerr=0 tsk=2/0 | rx ovr=0 | /s loops 870 csi 60 dcmipp 75 u2 971
[vision] 15.0 fps | NPU 28515 us (max 28765) | persons 2 (tallest h 22%) | HAZARD | misses 0 isp_err 0
[gate] hazard clear -> accepting Jetson commands again
[gate] SLOW released: no person ahead
[gate] SLOW: person ~181 cm ahead (box h 22%) -> speed cap 327 mm/s
[gate] n=3853 ok=1425 veto=2428 bad=0 replay=0 maxlat=31540us | servo=423 v=327 mm/s DRIVING | vis st=3 fr=5542 camerr=0 tsk=4/2 | rx ovr=0 | /s loops ø62 csi 62 dcmipp 78 u2 962
[vision] 15.0 fps | NPU 28764 us (max 28765) | persons 1 (tallest h 22%) | clear | misses 0 isp_err 0
[gate] STOP #27: PERSON AHEAD (conf 85%, h 25%) | frame->detect 29389 us | detect->gate 29 us | brake frame queued in 1230 ns (+2.6 ms on the 38400 wire)
[gate] n=3908 ok=1425 veto=2483 bad=0 replay=0 maxlat=31540us | servo=423 v=0 mm/s STOPPED | vis st=3 fr=5557 camerr=0 tsk=4/2 | rx ovr=0 | /s loops 864 csi 60 dcmipp 75 u2 962
[perf] cpu idle 47.2% main 0.0% log 0.0% gate 0.1% imu 3.2% vision 49.3% | switches 2481/s
[perf] gate CMD verdict+actuation n=275 avg 4 us max 14 us | USART2 irq->gate task n=4225 avg 491 ns max 1430 ns | hazard->brake (since boot) n=27 max 30 us
[vision] 15.0 fps | NPU 28522 us (max 28765) | persons 1 (tallest h 25%) | HAZARD | misses 0 isp_err 0
[gate] n=3964 ok=1425 veto=2539 bad=0 replay=0 maxlat=31540us | servo=423 v=0 mm/s STOPPED | vis st=3 fr=5572 camerr=0 tsk=4/2 | rx ovr=0 | /s loops 874 csi 60 dcmipp 75 u2 975
[imu] roll 0 pitch 0 deg, yaw 0 dps, a_h 9 mg | 100 Hz period n=500 avg 9999 us, jitter min -1310 ns max 1262 ns | step max 324 us | i2c err 0
[vision] 15.0 fps | NPU 28767 us (max 28767) | persons 0 (tallest h 0%) | HAZARD | misses 0 isp_err 0
[gate] n=4020 ok=1425 veto=2595 bad=0 replay=0 maxlat=31540us | servo=423 v=0 mm/s STOPPED | vis st=3 fr=5587 camerr=0 tsk=4/2 | rx ovr=0 | /s loops 979 csi 60 dcmipp 75 u2 1090
[vision] 15.0 fps | NPU 28515 us (max 28522) | persons 1 (tallest h 22%) | HAZARD | misses 0 isp_err 0
[gate] hazard clear -> accepting Jetson commands again
[gate] n=4075 ok=1425 veto=2650 bad=0 replay=0 maxlat=31540us | servo=423 v=150 mm/s DRIVING | vis st=3 fr=5602 camerr=0 tsk=4/2 | rx ovr=0 | /s loops 869 csi 60 dcmipp 75 u2 971
[gate] STOP #28: PERSON AHEAD (conf 79%, h 25%) | frame->detect 29600 us | detect->gate 30 us | brake frame queued in 1230 ns (+2.6 ms on the 38400 wire)
[vision] 15.0 fps | NPU 28764 us (max 28765) | persons 1 (tallest h 22%) | HAZARD | misses 0 isp_err 0
[gate] n=4131 ok=1425 veto=2706 bad=0 replay=0 maxlat=31540us | servo=423 v=0 mm/s STOPPED | vis st=4 fr=5617 camerr=0 tsk=2/0 | rx ovr=0 | /s loops 845 csi 62 dcmipp 77 u2 943
[vision] 15.0 fps | NPU 28519 us (max 28764) | persons 0 (tallest h 0%) | HAZARD | misses 0 isp_err 0
[gate] hazard clear -> accepting Jetson commands again
[gate] n=4186 ok=1425 veto=2761 bad=0 replay=0 maxlat=31540us | servo=423 v=200 mm/s DRIVING | vis st=3 fr=5633 camerr=0 tsk=4/2 | rx ovr=0 | /s loops 860 csi 61 dcmipp 77 u2 960
[perf] cpu idle 47.5% main 0.0% log 0.0% gate 0.1% imu 3.2% vision 49.0% | switches 2526/s
[perf] gate CMD verdict+actuation n=276 avg 4 us max 9 us | USART2 irq->gate task n=4364 avg 492 ns max 1920 nsà| hazard->brake (since boot) n=28 max 30 us
[gate] SLOW released: no person ahead
[vision] 15.0 fps | NPU 28765 us (max 28765) | persons 1 (tallest h 22%) | clear | misses 0 isp_err 0
[gate] SLOW: person ~181 cm ahead (box h 22%) -> speed cap 327 mm/s
[gate] SLOW released: no person ahead
[gate] SLOW: person ~181 cm ahead (box h 22%) -> speed cap 327 mm/s
[gate] n=4241 ok=1428 veto=2813 bad=0 replay=0 maxlat=31540us | servo=423 v=327 mm/s DRIVING | vis st=3 fr=5648 camerr=0 tsk=4/2 | rx ovr=0 | /s loops 883 csi 60 dcmipp 75 u2 983
[gaWVSLOW released: no person ahead
[gate] SLOW: person ~181 cm ahead (box h 22%) -> speed cap 327 mm/s
[imu] roll 0 pitch 0 deg, yaw 0 dps, a_h 35 mg | 100 Hz period n=500 avg 9999 us, jitter min -3774 ns max 3675 ns | step max 333 us | i2c err 0
[gate] SLOW released: no person ahead
[gate] SLOW: person ~181 cm ahead (box h 22%) -> speed cap 327 mm/s
[gate] SLOW released: no person ahead
[vision] 15.0 fps | NPU 28518 us (max 28764) | persons 0 (tallest h 0%) | clear | misses 0 isp_err 0
[gate] SLOW: person ~181 cm ahead (box h 22%) -> speed cap 327 mm/s
[gate] SLOW released: no person ahead
[gate] n=4297 ok=1461 veto=2836 bad=0 replay=0 maxlat=31540us | servo=423 v=500 mm/s DRIVING | vis st=3 fr=5663 camerr=0 tsk=4/2 | rx ovr=0 | /s loops 862 csi 61 dcmipp 76 u2 962
[gate] SLOW: person ~181 cm ahead (box h 22%) -> speed cap 327 mm/s
[gate] SLOW released: no person ahead
[gate] SLOW: person ~181 cm ahead (box h 22%) -> speed cap 327 mm/s
[gate] STOP #29: PERSON AHEAD (conf 73%, h 25%) | frame->detect 30871 us | detect->gate 29 us | brake frame queued in 1272 ns (+2.6 ms on the 38400 wire)
[vision] 14.9 fps | NPU 28523 us (max 28765) | persons 2 (tallest h 25%) | HAZARD | misses 0 isp_err 0
[gate] n=4353 ok=1473 veto=2880 bad=0 replay=0 maxlat=31584us | servo=423 v=0 mm/s STOPPED | vis st=3 fr=5678 camerr=0 tsk=4/2 | rx ovr=0 | /s loops 929 csi 60 dcmipp 75 u2 1034
[vision] 15.0 fps | NPU 28516 us (max 28764) | persons 1 (tallest h 18%) | HAZARD | misses 0 isp_err 0
[gate] n=4408 ok=1473 veto=2935 bad=0 replay=0 maxlat=31584us | servo=423 v=0 mm/s STOPPED | vis st=3 fr=5693 camerr=0 tsk=4/2 | rx ovr=0 | /s loops 987 csi 60 dcmipp 75 u2 1096
[gate] hazard clear -> accepting Jetson commands again
[vision] 15.0 fps | NPU 28765 us (max 28769) | persons 1 (tallest h 18%) | clear | misses 0 isp_err 0
[gate] n=4464 oë1507 veto=2957 bad=0 replay=0 maxlat=31584us | servo=423 v=500 mm/s DRIVING | vis st=3 fr=5708 camerr=0 tsk=4/2 | rx ovr=0 | /s loops 863 csi 60 dcmipp 75 u2 965
[perf] cpu idle 48.1% main 0.0% log 0.0% gate 0.1% imu 3.2% vision 48.4% | switches 2588/s
[perf] gate CMD verdict+actuation n=276 avg 5 us max 14 us | USART2 irq->gate task n=4450 avg 497 ns max 3692 ns | hazard->brake (since boot) n=29 max 30 us
[gate] SLOW released: no person ahead
[vision] 15.0 fps | NPU 28513 us (max 28765) | persons 0 (tallest h 0%) | clear | misses 0 isp_err 0
[gate] n=4520 ok=1554 veto=2966 bad=0 replay=0 maxlat=31584us | servo=423 v=0 mm/s DRIVING | vis st=4 fr=5723 camerr=0 tsk=2/0 | rx ovr=0 | /s loops 862 csi 62 dcmipp 77 u2 965
[imu] roll 0‚¥Ñch 0 deg, yaw 0 dps, a_h 2 mg | 100 Hz period n=500 avg 9999 us, jitter min -3815 ns max 4131 ns | step max 412 us | i2c err 0
[vision] 15.0 fps | NPU 28515 us (max 28765) | persons 0 (tallest h 0%) | clear | misses 0 isp_err 0
[gate] n=4575 ok=1609 veto=2966 bad=0 replay=0 maxlat=31584us | servo=423 v=0 mm/s DRIVING | vis st=4 fr=5738 camerr=0 tsk=2/0 | rx ovr=0 | /s loops 859 csi 60 dcmipp 75 u2 960
[gate] STOP #30: PERSON AHEAD (conf 64%, h 25%) | frame->detect 29737 us | detect->gate 30 us | brake frame queued in 1337 ns (+2.6 ms on the 38400 wire)
[vision] 15.0 fps | NPU 28510 us (max 28765) | persons 0 (tallest h 0%) | HAZARD | misses 0 isp_err 0
[gate] n=4630 ok=1664 veto=2966 bad=0 replay=0 maxlat=31584us | servo=423 v=0 mm/s STOPPED | vis st=3 fr=5754 camerr=0 tsk=4/2 | rx ovr=0 | /s loops 864 csi 61 dcmipp 77 u2 962
[vision] 15.0 fps | NPU 28515 us (max 28766) | persons 1 (tallest h 18%) | HAZARD | misses 0 isp_err 0
[gate] n=4630 ok=1664 veto=2966 bad=0 replay=0 maxlat=31584us | servo=423 v=0 mm/s STOPPED | vis st=3 fr=5769 camerr=0 tsk=2/0 | rx ovr=0 | /s loops 48 csi 61 dcmipp 76 u2 0
[gate] hazard clear -> accepting Jetson commands again
[gate] n=4630 ok=1664 veto=2966 bad=0 replay=0 maxlat=31584us | servo=423 v=0 mm/s STOPPED | vis st=3 fr=5784 camerr=0 tsk=2/0 | rx ovr=0 | /s loops 48 csi 60 dcmipp 75 u2 0
[vision] 15.0 fps | NPU 28515 us (max 28765) | persons 1 (tallest h 18%) | clear | misses 0 isp_err 0
[perf] cpu idle 48.4% main 0.0% log 0.0% gate 0.1% imu 3.2% vision 48.1% | switches 1817/s
[perf] gate CMD verdict+actuation n=160 avg 5 us max 10 us | USART2 irq->gate task n=2457 avg 481 ns max 1225 ns | hazard->brake (since boot) n=30 max 30 us
[gate] STOP #31: PERSON AHEAD (conf 99%, h 25%) | frame->detect 29479 us | detect->gate 30 us | brake frame queued in 2776 ns (+2.6 ms on the 38400 wire)
[gate] n=4630 ok=1664 veto=2966 bad=0 replay=0 maxlat=31584us | servo=423 v=0 mm/s STOPPED | vis st=3 fr=5799 camerr=0 tsk=2/0 | rx ovr=0 | /s loops 48 csi 60 dcmipp 75 u2 0
[vision] 15.0 fps | NPU 28514 us (max 28766) | persons 1 (tallest h 18%) | HAZARD | misses 0 isp_err 0
